
Memory Configuration

Name             Origin             Length             Attributes
RAMX             0x08134100         0x0000bf00         xr
*default*        0x00000000         0xffffffff

Linker script and memory map


.text           0x08134100       0xc0
 build/crt0.o(.init)
 .init          0x08134100       0x20 build/crt0.o
                0x08134104                IOS_DCFlushAllCache
 *(.text)
 .text          0x08134120        0x0 build/crt0.o
 .text          0x08134120       0x34 build/utils.o
                0x08134120                m_memcpy
                0x0813413c                m_memset
 .text          0x08134154       0x6c build/main.o
                0x08134154                clearScreen
                0x0813417c                _main

.glue_7         0x081341c0        0x0
 .glue_7        0x081341c0        0x0 linker stubs

.glue_7t        0x081341c0        0x0
 .glue_7t       0x081341c0        0x0 linker stubs

.vfp11_veneer   0x081341c0        0x0
 .vfp11_veneer  0x081341c0        0x0 linker stubs

.v4_bx          0x081341c0        0x0
 .v4_bx         0x081341c0        0x0 linker stubs

.iplt           0x081341c0        0x0
 .iplt          0x081341c0        0x0 build/crt0.o

.rel.dyn        0x081341c0        0x0
 .rel.iplt      0x081341c0        0x0 build/crt0.o

.rodata
 *(.rodata*)
LOAD build/utils.o
LOAD build/main.o
OUTPUT(arm.elf elf32-bigarm)

.bss            0x00000000        0x0
 .bss           0x00000000        0x0 build/crt0.o
 .bss           0x00000000        0x0 build/utils.o
 .bss           0x00000000        0x0 build/main.o

.data           0x00000000        0x0
 .data          0x00000000        0x0 build/crt0.o
 .data          0x00000000        0x0 build/utils.o
 .data          0x00000000        0x0 build/main.o

.igot.plt       0x00000000        0x0
 .igot.plt      0x00000000        0x0 build/crt0.o

.ARM.attributes
                0x00000000       0x25
 .ARM.attributes
                0x00000000       0x17 build/crt0.o
 .ARM.attributes
                0x00000017       0x29 build/utils.o
 .ARM.attributes
                0x00000040       0x29 build/main.o

.comment        0x00000000       0x22
 .comment       0x00000000       0x22 build/utils.o
                                 0x23 (size before relaxing)
 .comment       0x00000022       0x23 build/main.o
